Archive member included to satisfy reference by file (symbol)

D:\Td2WorkspaceTest\DemoAoaCan\Lib_CMSISv2p00_LPC17xx\Debug\libLib_CMSISv2p00_LPC17xx.a(system_LPC17xx.o)
                              ./src/cr_startup_lpc17.o (SystemInit)
D:\Td2WorkspaceTest\DemoAoaCan\Lib_AOA\Debug\libLib_AOA.a(AndroidAccessoryCommands.o)
                              ./src/AndroidAccessoryHost.o (Android_GetAccessoryProtocol)
D:\Td2WorkspaceTest\DemoAoaCan\Lib_AOA\Debug\libLib_AOA.a(ConfigDescriptor.o)
                              ./src/AndroidAccessoryHost.o (ProcessConfigurationDescriptor)
D:\Td2WorkspaceTest\DemoAoaCan\Lib_AOA\Debug\libLib_AOA.a(DeviceDescriptor.o)
                              ./src/AndroidAccessoryHost.o (ProcessDeviceDescriptor)
D:\Td2WorkspaceTest\DemoAoaCan\nxpUSBlib\libnxpUSBlib.a(USBController_LPC.o)
                              ./src/AndroidAccessoryHost.o (USB_Disable)
D:\Td2WorkspaceTest\DemoAoaCan\nxpUSBlib\libnxpUSBlib.a(ConfigDescriptor.o)
                              D:\Td2WorkspaceTest\DemoAoaCan\Lib_AOA\Debug\libLib_AOA.a(ConfigDescriptor.o) (USB_GetNextDescriptorComp)
D:\Td2WorkspaceTest\DemoAoaCan\nxpUSBlib\libnxpUSBlib.a(DeviceStandardReq.o)
                              D:\Td2WorkspaceTest\DemoAoaCan\nxpUSBlib\libnxpUSBlib.a(USBController_LPC.o) (USB_Device_ConfigurationNumber)
D:\Td2WorkspaceTest\DemoAoaCan\nxpUSBlib\libnxpUSBlib.a(Events.o)
                              D:\Td2WorkspaceTest\DemoAoaCan\nxpUSBlib\libnxpUSBlib.a(DeviceStandardReq.o) (EVENT_USB_Device_ConfigurationChanged)
D:\Td2WorkspaceTest\DemoAoaCan\nxpUSBlib\libnxpUSBlib.a(USBTask.o)
                              D:\Td2WorkspaceTest\DemoAoaCan\nxpUSBlib\libnxpUSBlib.a(USBController_LPC.o) (USB_IsInitialized)
D:\Td2WorkspaceTest\DemoAoaCan\nxpUSBlib\libnxpUSBlib.a(HAL_LPC17xx.o)
                              D:\Td2WorkspaceTest\DemoAoaCan\nxpUSBlib\libnxpUSBlib.a(USBController_LPC.o) (HAL_USBInit)
D:\Td2WorkspaceTest\DemoAoaCan\nxpUSBlib\libnxpUSBlib.a(Endpoint_LPC17xx.o)
                              D:\Td2WorkspaceTest\DemoAoaCan\nxpUSBlib\libnxpUSBlib.a(DeviceStandardReq.o) (SETUPReceived)
D:\Td2WorkspaceTest\DemoAoaCan\nxpUSBlib\libnxpUSBlib.a(EndpointStream_LPC.o)
                              D:\Td2WorkspaceTest\DemoAoaCan\nxpUSBlib\libnxpUSBlib.a(Endpoint_LPC17xx.o) (Endpoint_Write_Stream_LE)
D:\Td2WorkspaceTest\DemoAoaCan\nxpUSBlib\libnxpUSBlib.a(Endpoint_LPC.o)
                              D:\Td2WorkspaceTest\DemoAoaCan\nxpUSBlib\libnxpUSBlib.a(DeviceStandardReq.o) (usb_data_buffer)
D:\Td2WorkspaceTest\DemoAoaCan\Lib_Board\Debug\libLib_Board.a(board.o)
                              ./src/AndroidAccessoryHost.o (console_sendString)
D:\Td2WorkspaceTest\DemoAoaCan\Lib_Board\Debug\libLib_Board.a(canpt.o)
                              ./src/AndroidAccessoryHost.o (canpt_init)
D:\Td2WorkspaceTest\DemoAoaCan\Lib_Board\Debug\libLib_Board.a(time.o)
                              D:\Td2WorkspaceTest\DemoAoaCan\Lib_Board\Debug\libLib_Board.a(canpt.o) (time_get)
D:\Td2WorkspaceTest\DemoAoaCan\Lib_MCU\Debug\libLib_MCU.a(lpc17xx_adc.o)
                              D:\Td2WorkspaceTest\DemoAoaCan\Lib_Board\Debug\libLib_Board.a(board.o) (ADC_Init)
D:\Td2WorkspaceTest\DemoAoaCan\Lib_MCU\Debug\libLib_MCU.a(lpc17xx_can.o)
                              D:\Td2WorkspaceTest\DemoAoaCan\Lib_Board\Debug\libLib_Board.a(canpt.o) (CAN_Init)
D:\Td2WorkspaceTest\DemoAoaCan\Lib_MCU\Debug\libLib_MCU.a(lpc17xx_clkpwr.o)
                              D:\Td2WorkspaceTest\DemoAoaCan\Lib_MCU\Debug\libLib_MCU.a(lpc17xx_can.o) (CLKPWR_SetPCLKDiv)
D:\Td2WorkspaceTest\DemoAoaCan\Lib_MCU\Debug\libLib_MCU.a(lpc17xx_i2c.o)
                              D:\Td2WorkspaceTest\DemoAoaCan\Lib_Board\Debug\libLib_Board.a(board.o) (I2C_Init)
D:\Td2WorkspaceTest\DemoAoaCan\Lib_MCU\Debug\libLib_MCU.a(lpc17xx_libcfg_default.o)
                              D:\Td2WorkspaceTest\DemoAoaCan\Lib_MCU\Debug\libLib_MCU.a(lpc17xx_adc.o) (check_failed)
D:\Td2WorkspaceTest\DemoAoaCan\Lib_MCU\Debug\libLib_MCU.a(lpc17xx_pinsel.o)
                              D:\Td2WorkspaceTest\DemoAoaCan\Lib_Board\Debug\libLib_Board.a(board.o) (PINSEL_ConfigPin)
D:\Td2WorkspaceTest\DemoAoaCan\Lib_MCU\Debug\libLib_MCU.a(lpc17xx_ssp.o)
                              D:\Td2WorkspaceTest\DemoAoaCan\Lib_Board\Debug\libLib_Board.a(board.o) (SSP_Init)
D:\Td2WorkspaceTest\DemoAoaCan\Lib_MCU\Debug\libLib_MCU.a(lpc17xx_timer.o)
                              D:\Td2WorkspaceTest\DemoAoaCan\Lib_Board\Debug\libLib_Board.a(time.o) (TIM_ClearIntPending)
D:\Td2WorkspaceTest\DemoAoaCan\Lib_MCU\Debug\libLib_MCU.a(lpc17xx_uart.o)
                              D:\Td2WorkspaceTest\DemoAoaCan\Lib_Board\Debug\libLib_Board.a(board.o) (UART_TxCmd)
c:/nxp/mcuxpressoide_10.1.1_606/ide/tools/bin/../lib/gcc/arm-none-eabi/6.3.1/../../../../arm-none-eabi/lib/thumb/v7-m\libcr_semihost.a(_cr__main.o)
                              ./src/cr_startup_lpc17.o (__main)
[...]
Memory Configuration

Name             Origin             Length             Attributes
MFlash512        0x00000000         0x00080000         xr
RamLoc32         0x10000000         0x00008000         xrw
RamAHB32         0x2007c000         0x00008000         xrw
*default*        0x00000000         0xffffffff

Linker script and memory map

LOAD ./src/AndroidAccessoryHost.o
LOAD ./src/GPIO.o
LOAD ./src/cr_startup_lpc17.o
LOAD ./src/main.o
LOAD ./src/pwm.o
LOAD ./src/timer.o
LOAD D:\Td2WorkspaceTest\DemoAoaCan\Lib_CMSISv2p00_LPC17xx\Debug\libLib_CMSISv2p00_LPC17xx.a
LOAD D:\Td2WorkspaceTest\DemoAoaCan\Lib_FatFs_SD\Debug\libLib_FatFs_SD.a
LOAD D:\Td2WorkspaceTest\DemoAoaCan\Lib_AOA\Debug\libLib_AOA.a
LOAD D:\Td2WorkspaceTest\DemoAoaCan\nxpUSBlib\libnxpUSBlib.a
LOAD D:\Td2WorkspaceTest\DemoAoaCan\Lib_Board\Debug\libLib_Board.a
LOAD D:\Td2WorkspaceTest\DemoAoaCan\Lib_MCU\Debug\libLib_MCU.a
START GROUP
LOAD c:/nxp/mcuxpressoide_10.1.1_606/ide/tools/bin/../lib/gcc/arm-none-eabi/6.3.1/../../../../arm-none-eabi/lib/thumb/v7-m\libcr_semihost.a
LOAD c:/nxp/mcuxpressoide_10.1.1_606/ide/tools/bin/../lib/gcc/arm-none-eabi/6.3.1/../../../../arm-none-eabi/lib/thumb/v7-m\libcr_c.a
LOAD c:/nxp/mcuxpressoide_10.1.1_606/ide/tools/bin/../lib/gcc/arm-none-eabi/6.3.1/thumb/v7-m\libcr_eabihelpers.a
END GROUP
                0x00000000                __base_MFlash512 = 0x0
                0x00000000                __base_Flash = 0x0
                0x00080000                __top_MFlash512 = 0x80000
                0x00080000                __top_Flash = 0x80000
                0x10000000                __base_RamLoc32 = 0x10000000
                0x10000000                __base_RAM = 0x10000000
                0x10008000                __top_RamLoc32 = 0x10008000
                0x10008000                __top_RAM = 0x10008000
                0x2007c000                __base_RamAHB32 = 0x2007c000
                0x2007c000                __base_RAM2 = 0x2007c000
                0x20084000                __top_RamAHB32 = 0x20084000
                0x20084000                __top_RAM2 = 0x20084000

.text           0x00000000     0x1da8
 FILL mask 0xff
                0x00000000                __vectors_start__ = ABSOLUTE (.)
 *(.isr_vector)
 .isr_vector    0x00000000       0xcc ./src/cr_startup_lpc17.o
                0x00000000                g_pfnVectors
                0x000000cc                . = ALIGN (0x4)
                0x000000cc                __section_table_start = .
                0x000000cc                __data_section_table = .
                0x000000cc        0x4 LONG 0x27a8 LOADADDR (.data)
                0x000000d0        0x4 LONG 0x10000000 ADDR (.data)
                0x000000d4        0x4 LONG 0x4 SIZEOF (.data)
                0x000000d8        0x4 LONG 0x1da8 LOADADDR (.data_RAM2)
                0x000000dc        0x4 LONG 0x2007c000 ADDR (.data_RAM2)
                0x000000e0        0x4 LONG 0xa00 SIZEOF (.data_RAM2)
                0x000000e4                __data_section_table_end = .
                0x000000e4                __bss_section_table = .
                0x000000e4        0x4 LONG 0x10000004 ADDR (.bss)
                0x000000e8        0x4 LONG 0x3e0 SIZEOF (.bss)
                0x000000ec        0x4 LONG 0x2007ca00 ADDR (.bss_RAM2)
                0x000000f0        0x4 LONG 0x0 SIZEOF (.bss_RAM2)
                0x000000f4                __bss_section_table_end = .
                0x000000f4                __section_table_end = .
 *(.after_vectors*)
 .after_vectors
                0x000000f4      0x12c ./src/cr_startup_lpc17.o
                0x000000f4                data_init
                0x00000136                bss_init
                0x0000016c                ResetISR
                0x000001e4                NMI_Handler
                0x000001ea                HardFault_Handler
                0x000001f0                MemManage_Handler
                0x000001f6                BusFault_Handler
                0x000001fc                UsageFault_Handler
                0x00000202                SVCall_Handler
                0x00000208                DebugMon_Handler
                0x0000020e                PendSV_Handler
                0x0000021a                CANActivity_IRQHandler
                0x0000021a                TIMER3_IRQHandler
                0x0000021a                UART0_IRQHandler
                0x0000021a                EINT3_IRQHandler
                0x0000021a                EINT2_IRQHandler
                0x0000021a                USBActivity_IRQHandler
                0x0000021a                IntDefaultHandler
                0x0000021a                PLL0_IRQHandler
                0x0000021a                I2C0_IRQHandler
                0x0000021a                SSP0_IRQHandler
                0x0000021a                I2S_IRQHandler
                0x0000021a                I2C2_IRQHandler
                0x0000021a                RTC_IRQHandler
                0x0000021a                TIMER0_IRQHandler
                0x0000021a                SPI_IRQHandler
                0x0000021a                RIT_IRQHandler
                0x0000021a                EINT1_IRQHandler
                0x0000021a                UART2_IRQHandler
                0x0000021a                ADC_IRQHandler
                0x0000021a                SSP1_IRQHandler
                0x0000021a                BOD_IRQHandler
                0x0000021a                I2C1_IRQHandler
                0x0000021a                WDT_IRQHandler
                0x0000021a                QEI_IRQHandler
                0x0000021a                EINT0_IRQHandler
                0x0000021a                TIMER2_IRQHandler
                0x0000021a                DMA_IRQHandler
                0x0000021a                PLL1_IRQHandler
                0x0000021a                UART3_IRQHandler
                0x0000021a                MCPWM_IRQHandler
                0x0000021a                ENET_IRQHandler
 *(.text*)
 .text.NVIC_SetPriority
                0x00000220       0x54 ./src/main.o
 .text.SysTick_Config
                0x00000274       0x44 ./src/main.o
 .text.main     0x000002b8      0x19c ./src/main.o
                0x000002b8                main
 .text.SysTick_Handler
                0x00000454       0x24 ./src/main.o
                0x00000454                SysTick_Handler
 .text.NVIC_EnableIRQ
                0x00000478       0x30 ./src/pwm.o
 .text.PWM1_IRQHandler
                0x000004a8       0x40 ./src/pwm.o
                0x000004a8                PWM1_IRQHandler
 .text.PWM_Init
                0x000004e8       0xd4 ./src/pwm.o
                0x000004e8                PWM_Init
 .text.PWM_Set  0x000005bc       0x9c ./src/pwm.o
                0x000005bc                PWM_Set
 .text.PWM_Start
                0x00000658       0x2c ./src/pwm.o
                0x00000658                PWM_Start
 .text.SystemInit
                0x00000684       0xe0 D:\Td2WorkspaceTest\DemoAoaCan\Lib_CMSISv2p00_LPC17xx\Debug\libLib_CMSISv2p00_LPC17xx.a(system_LPC17xx.o)
                0x00000684                SystemInit
 .text.USB_IRQHandler
                0x00000764        0xe D:\Td2WorkspaceTest\DemoAoaCan\nxpUSBlib\libnxpUSBlib.a(HAL_LPC17xx.o)
                0x00000764                USB_IRQHandler
 *fill*         0x00000772        0x2 ff
 .text.SIE_WriteCommamd
                0x00000774       0x38 D:\Td2WorkspaceTest\DemoAoaCan\nxpUSBlib\libnxpUSBlib.a(Endpoint_LPC17xx.o)
                0x00000774                SIE_WriteCommamd
 .text.SIE_WriteCommandData
                0x000007ac       0x58 D:\Td2WorkspaceTest\DemoAoaCan\nxpUSBlib\libnxpUSBlib.a(Endpoint_LPC17xx.o)
                0x000007ac                SIE_WriteCommandData
 .text.SIE_ReadCommandData
                0x00000804       0x3c D:\Td2WorkspaceTest\DemoAoaCan\nxpUSBlib\libnxpUSBlib.a(Endpoint_LPC17xx.o)
                0x00000804                SIE_ReadCommandData
 .text.HAL_Reset
                0x00000840      0x124 D:\Td2WorkspaceTest\DemoAoaCan\nxpUSBlib\libnxpUSBlib.a(Endpoint_LPC17xx.o)
                0x00000840                HAL_Reset
 .text.Endpoint_ConfigureEndpoint
                0x00000964      0x1ac D:\Td2WorkspaceTest\DemoAoaCan\nxpUSBlib\libnxpUSBlib.a(Endpoint_LPC17xx.o)
                0x00000964                Endpoint_ConfigureEndpoint
 .text.ReadControlEndpoint
                0x00000b10       0x98 D:\Td2WorkspaceTest\DemoAoaCan\nxpUSBlib\libnxpUSBlib.a(Endpoint_LPC17xx.o)
                0x00000b10                ReadControlEndpoint
 .text.WriteControlEndpoint
                0x00000ba8       0xbc D:\Td2WorkspaceTest\DemoAoaCan\nxpUSBlib\libnxpUSBlib.a(Endpoint_LPC17xx.o)
                0x00000ba8                WriteControlEndpoint
 .text.SlaveEndpointISR
                0x00000c64       0xec D:\Td2WorkspaceTest\DemoAoaCan\nxpUSBlib\libnxpUSBlib.a(Endpoint_LPC17xx.o)
                0x00000c64                SlaveEndpointISR
 .text.DcdDataTransfer
                0x00000d50      0x22c D:\Td2WorkspaceTest\DemoAoaCan\nxpUSBlib\libnxpUSBlib.a(Endpoint_LPC17xx.o)
                0x00000d50                DcdDataTransfer
 .text.DMAEndTransferISR
                0x00000f7c      0x108 D:\Td2WorkspaceTest\DemoAoaCan\nxpUSBlib\libnxpUSBlib.a(Endpoint_LPC17xx.o)
                0x00000f7c                DMAEndTransferISR
 .text.DMANewTransferRequestISR
                0x00001084      0x148 D:\Td2WorkspaceTest\DemoAoaCan\nxpUSBlib\libnxpUSBlib.a(Endpoint_LPC17xx.o)
                0x00001084                DMANewTransferRequestISR
 .text.DcdIrqHandler
                0x000011cc      0x10c D:\Td2WorkspaceTest\DemoAoaCan\nxpUSBlib\libnxpUSBlib.a(Endpoint_LPC17xx.o)
                0x000011cc                DcdIrqHandler
 .text.Dummy_EPGetISOAddress
                0x000012d8       0x1c D:\Td2WorkspaceTest\DemoAoaCan\nxpUSBlib\libnxpUSBlib.a(Endpoint_LPC17xx.o)
                0x000012d8                Dummy_EPGetISOAddress
                0x000012d8                CALLBACK_HAL_GetISOBufferAddress
 .text.UART1_IRQHandler
                0x000012f4        0xc D:\Td2WorkspaceTest\DemoAoaCan\Lib_Board\Debug\libLib_Board.a(board.o)
                0x000012f4                UART1_IRQHandler
 .text.q_put    0x00001300       0xb4 D:\Td2WorkspaceTest\DemoAoaCan\Lib_Board\Debug\libLib_Board.a(canpt.o)
 .text.CAN_IRQHandler
                0x000013b4       0x60 D:\Td2WorkspaceTest\DemoAoaCan\Lib_Board\Debug\libLib_Board.a(canpt.o)
                0x000013b4                CAN_IRQHandler
 .text.TIMER1_IRQHandler
                0x00001414       0x24 D:\Td2WorkspaceTest\DemoAoaCan\Lib_Board\Debug\libLib_Board.a(time.o)
                0x00001414                TIMER1_IRQHandler
 .text.CAN_ReceiveMsg
                0x00001438       0xf4 D:\Td2WorkspaceTest\DemoAoaCan\Lib_MCU\Debug\libLib_MCU.a(lpc17xx_can.o)
                0x00001438                CAN_ReceiveMsg
 .text.check_failed
                0x0000152c        0xc D:\Td2WorkspaceTest\DemoAoaCan\Lib_MCU\Debug\libLib_MCU.a(lpc17xx_libcfg_default.o)
                0x0000152c                check_failed
 .text.TIM_ClearIntPending
                0x00001538       0x8c D:\Td2WorkspaceTest\DemoAoaCan\Lib_MCU\Debug\libLib_MCU.a(lpc17xx_timer.o)
                0x00001538                TIM_ClearIntPending
 .text.getUartNum
                0x000015c4       0x44 D:\Td2WorkspaceTest\DemoAoaCan\Lib_MCU\Debug\libLib_MCU.a(lpc17xx_uart.o)
                0x000015c4                getUartNum
 .text.UART_GenIntHandler
                0x00001608      0x168 D:\Td2WorkspaceTest\DemoAoaCan\Lib_MCU\Debug\libLib_MCU.a(lpc17xx_uart.o)
                0x00001608                UART_GenIntHandler
 .text.UART1_StdIntHandler
                0x00001770       0x14 D:\Td2WorkspaceTest\DemoAoaCan\Lib_MCU\Debug\libLib_MCU.a(lpc17xx_uart.o)
                0x00001770                UART1_StdIntHandler
 .text.__main   0x00001784        0xe c:/nxp/mcuxpressoide_10.1.1_606/ide/tools/bin/../lib/gcc/arm-none-eabi/6.3.1/../../../../arm-none-eabi/lib/thumb/v7-m\libcr_semihost.a(_cr__main.o)
                0x00001784                __CR_SEMIHOST
                0x00001784                __main
 .text.memcpy   0x00001792        0x4 c:/nxp/mcuxpressoide_10.1.1_606/ide/tools/bin/../lib/gcc/arm-none-eabi/6.3.1/../../../../arm-none-eabi/lib/thumb/v7-m\libcr_c.a(memcpy.o)
                0x00001792                memcpy
 .text.memset   0x00001796        0x4 c:/nxp/mcuxpressoide_10.1.1_606/ide/tools/bin/../lib/gcc/arm-none-eabi/6.3.1/../../../../arm-none-eabi/lib/thumb/v7-m\libcr_c.a(memset.o)
                0x00001796                memset
 *fill*         0x0000179a        0x2 ff
 .text._initio  0x0000179c       0x78 c:/nxp/mcuxpressoide_10.1.1_606/ide/tools/bin/../lib/gcc/arm-none-eabi/6.3.1/../../../../arm-none-eabi/lib/thumb/v7-m\libcr_c.a(initio.o)
                0x0000179c                _initio
 .text.setvbuf  0x00001814       0x40 c:/nxp/mcuxpressoide_10.1.1_606/ide/tools/bin/../lib/gcc/arm-none-eabi/6.3.1/../../../../arm-none-eabi/lib/thumb/v7-m\libcr_c.a(setvbuf.o)
                0x00001814                setvbuf
 .text.strlen   0x00001854       0x4a c:/nxp/mcuxpressoide_10.1.1_606/ide/tools/bin/../lib/gcc/arm-none-eabi/6.3.1/../../../../arm-none-eabi/lib/thumb/v7-m\libcr_c.a(strlen.o)
                0x00001854                strlen
 .text._deferredlazyseek
                0x0000189e       0x40 c:/nxp/mcuxpressoide_10.1.1_606/ide/tools/bin/../lib/gcc/arm-none-eabi/6.3.1/../../../../arm-none-eabi/lib/thumb/v7-m\libcr_c.a(_deferredlazyseek.o)
                0x0000189e                _deferredlazyseek
 .text._fdopen  0x000018de       0x68 c:/nxp/mcuxpressoide_10.1.1_606/ide/tools/bin/../lib/gcc/arm-none-eabi/6.3.1/../../../../arm-none-eabi/lib/thumb/v7-m\libcr_c.a(_fdopen.o)
                0x000018de                _fdopen
 .text._fflush  0x00001946       0x54 c:/nxp/mcuxpressoide_10.1.1_606/ide/tools/bin/../lib/gcc/arm-none-eabi/6.3.1/../../../../arm-none-eabi/lib/thumb/v7-m\libcr_c.a(_fflush.o)
                0x00001946                _fflush
 *fill*         0x0000199a        0x2 ff
 .text._Cwritebuf
                0x0000199c       0x6c c:/nxp/mcuxpressoide_10.1.1_606/ide/tools/bin/../lib/gcc/arm-none-eabi/6.3.1/../../../../arm-none-eabi/lib/thumb/v7-m\libcr_c.a(_writebuf.o)
                0x0000199c                _Cwritebuf
 .text.free     0x00001a08       0x30 c:/nxp/mcuxpressoide_10.1.1_606/ide/tools/bin/../lib/gcc/arm-none-eabi/6.3.1/../../../../arm-none-eabi/lib/thumb/v7-m\libcr_c.a(alloc.o)
                0x00001a08                free
 .text.fclose   0x00001a38       0x58 c:/nxp/mcuxpressoide_10.1.1_606/ide/tools/bin/../lib/gcc/arm-none-eabi/6.3.1/../../../../arm-none-eabi/lib/thumb/v7-m\libcr_c.a(fclose.o)
                0x00001a38                fclose
 .text.fflush   0x00001a90       0x44 c:/nxp/mcuxpressoide_10.1.1_606/ide/tools/bin/../lib/gcc/arm-none-eabi/6.3.1/../../../../arm-none-eabi/lib/thumb/v7-m\libcr_c.a(fflush.o)
                0x00001a90                fflush
 .text.fseek    0x00001ad4      0x100 c:/nxp/mcuxpressoide_10.1.1_606/ide/tools/bin/../lib/gcc/arm-none-eabi/6.3.1/../../../../arm-none-eabi/lib/thumb/v7-m\libcr_c.a(fseek.o)
                0x00001ad4                fseek
 .text.ftell    0x00001bd4       0x48 c:/nxp/mcuxpressoide_10.1.1_606/ide/tools/bin/../lib/gcc/arm-none-eabi/6.3.1/../../../../arm-none-eabi/lib/thumb/v7-m\libcr_c.a(ftell.o)
                0x00001bd4                ftell
 .text.remove   0x00001c1c       0x14 c:/nxp/mcuxpressoide_10.1.1_606/ide/tools/bin/../lib/gcc/arm-none-eabi/6.3.1/../../../../arm-none-eabi/lib/thumb/v7-m\libcr_c.a(remove.o)
                0x00001c1c                remove
 .text._do_fflush
                0x00001c30       0x40 c:/nxp/mcuxpressoide_10.1.1_606/ide/tools/bin/../lib/gcc/arm-none-eabi/6.3.1/../../../../arm-none-eabi/lib/thumb/v7-m\libcr_c.a(_do_fflush.o)
                0x00001c30                _do_fflush
 .text.__aeabi_memcpy
                0x00001c70       0x34 c:/nxp/mcuxpressoide_10.1.1_606/ide/tools/bin/../lib/gcc/arm-none-eabi/6.3.1/thumb/v7-m\libcr_eabihelpers.a(memcpy.o)
                0x00001c70                __aeabi_memcpy
                0x00001c7a                __aeabi_memcpy8
                0x00001c7a                __aeabi_memcpy4
 .text.__aeabi_memset_lowlevel
                0x00001ca4       0x32 c:/nxp/mcuxpressoide_10.1.1_606/ide/tools/bin/../lib/gcc/arm-none-eabi/6.3.1/thumb/v7-m\libcr_eabihelpers.a(memcpy.o)
                0x00001ca4                __aeabi_lowlevel_memset
 .text.__sys_close
                0x00001cd6        0xc c:/nxp/mcuxpressoide_10.1.1_606/ide/tools/bin/../lib/gcc/arm-none-eabi/6.3.1/../../../../arm-none-eabi/lib/thumb/v7-m\libcr_semihost.a(__sys_close.o)
                0x00001cd6                __sys_close
 .text.__sys_flen
                0x00001ce2        0xc c:/nxp/mcuxpressoide_10.1.1_606/ide/tools/bin/../lib/gcc/arm-none-eabi/6.3.1/../../../../arm-none-eabi/lib/thumb/v7-m\libcr_semihost.a(__sys_flen.o)
                0x00001ce2                __sys_flen
 .text.__sys_istty
                0x00001cee        0xc c:/nxp/mcuxpressoide_10.1.1_606/ide/tools/bin/../lib/gcc/arm-none-eabi/6.3.1/../../../../arm-none-eabi/lib/thumb/v7-m\libcr_semihost.a(__sys_istty.o)
                0x00001cee                __sys_istty
 .text.__sys_remove
                0x00001cfa        0xc c:/nxp/mcuxpressoide_10.1.1_606/ide/tools/bin/../lib/gcc/arm-none-eabi/6.3.1/../../../../arm-none-eabi/lib/thumb/v7-m\libcr_semihost.a(__sys_remove.o)
                0x00001cfa                __sys_remove
 .text.__sys_seek
                0x00001d06        0xc c:/nxp/mcuxpressoide_10.1.1_606/ide/tools/bin/../lib/gcc/arm-none-eabi/6.3.1/../../../../arm-none-eabi/lib/thumb/v7-m\libcr_semihost.a(__sys_seek.o)
                0x00001d06                __sys_seek
 .text.__sys_tmpnam
                0x00001d12        0xc c:/nxp/mcuxpressoide_10.1.1_606/ide/tools/bin/../lib/gcc/arm-none-eabi/6.3.1/../../../../arm-none-eabi/lib/thumb/v7-m\libcr_semihost.a(__sys_tmpnam.o)
                0x00001d12                __sys_tmpnam
 .text.__sys_write
                0x00001d1e        0xc c:/nxp/mcuxpressoide_10.1.1_606/ide/tools/bin/../lib/gcc/arm-none-eabi/6.3.1/../../../../arm-none-eabi/lib/thumb/v7-m\libcr_semihost.a(__sys_write.o)
                0x00001d1e                __sys_write
 *(.rodata .rodata.* .constdata .constdata.*)
 *fill*         0x00001d2a        0x2 ff
 .rodata        0x00001d2c       0x59 D:\Td2WorkspaceTest\DemoAoaCan\Lib_MCU\Debug\libLib_MCU.a(lpc17xx_can.o)
                0x00001d2c                CAN_BIT_TIME
 *fill*         0x00001d85        0x3 ff
 .rodata        0x00001d88       0x17 D:\Td2WorkspaceTest\DemoAoaCan\Lib_MCU\Debug\libLib_MCU.a(lpc17xx_timer.o)
 .rodata._initio.str1.1
                0x00001d9f        0x4 c:/nxp/mcuxpressoide_10.1.1_606/ide/tools/bin/../lib/gcc/arm-none-eabi/6.3.1/../../../../arm-none-eabi/lib/thumb/v7-m\libcr_c.a(initio.o)
 *fill*         0x00001da3        0x1 ff
 .rodata.__num_Ciob_streams
                0x00001da4        0x4 c:/nxp/mcuxpressoide_10.1.1_606/ide/tools/bin/../lib/gcc/arm-none-eabi/6.3.1/../../../../arm-none-eabi/lib/thumb/v7-m\libcr_semihost.a(__ciob.o)
                0x00001da4                __num_Ciob_streams
                0x00001da8                . = ALIGN (0x4)

.glue_7         0x00001da8        0x0
 .glue_7        0x00001da8        0x0 linker stubs

.glue_7t        0x00001da8        0x0
 .glue_7t       0x00001da8        0x0 linker stubs

.vfp11_veneer   0x00001da8        0x0
 .vfp11_veneer  0x00001da8        0x0 linker stubs

.v4_bx          0x00001da8        0x0
 .v4_bx         0x00001da8        0x0 linker stubs

.iplt           0x00001da8        0x0
 .iplt          0x00001da8        0x0 ./src/AndroidAccessoryHost.o

.rel.dyn        0x00001da8        0x0
 .rel.iplt      0x00001da8        0x0 ./src/AndroidAccessoryHost.o

.ARM.extab
 *(.ARM.extab* .gnu.linkonce.armextab.*)
                0x00001da8                __exidx_start = .

.ARM.exidx
 *(.ARM.exidx* .gnu.linkonce.armexidx.*)
                0x00001da8                __exidx_end = .
                0x00001da8                _etext = .

.data_RAM2      0x2007c000      0xa00 load address 0x00001da8
 FILL mask 0xff
                [!provide]                PROVIDE (__start_data_RAM2, .)
 *(.ramfunc.$RAM2)
 *(.ramfunc.$RamAHB32)
 *(.data.$RAM2*)
 .data.$RAM2    0x2007c000      0x3f8 D:\Td2WorkspaceTest\DemoAoaCan\nxpUSBlib\libnxpUSBlib.a(Endpoint_LPC17xx.o)
                0x2007c000                UDCA
                0x2007c080                dmaDescriptor
                0x2007c178                iso_buffer
                0x2007c378                BufferAddressIso
 *fill*         0x2007c3f8        0x8 ff
 .data.$RAM2    0x2007c400      0x600 D:\Td2WorkspaceTest\DemoAoaCan\nxpUSBlib\libnxpUSBlib.a(Endpoint_LPC.o)
                0x2007c400                usb_data_buffer
                0x2007c600                usb_data_buffer_OUT
                0x2007c800                usb_data_buffer_IN
 *(.data.$RamAHB32*)
                0x2007ca00                . = ALIGN (0x4)
                [!provide]                PROVIDE (__end_data_RAM2, .)

.uninit_RESERVED
                0x10000000        0x0
 *(.bss.$RESERVED*)
                0x10000000                . = ALIGN (0x4)
                0x10000000                _end_uninit_RESERVED = .

.data           0x10000000        0x4 load address 0x000027a8
 FILL mask 0xff
                0x10000000                _data = .
 *(vtable)
 *(.ramfunc*)
 *(.data*)
 .data.SystemCoreClock
                0x10000000        0x4 D:\Td2WorkspaceTest\DemoAoaCan\Lib_CMSISv2p00_LPC17xx\Debug\libLib_CMSISv2p00_LPC17xx.a(system_LPC17xx.o)
                0x10000000                SystemCoreClock
                0x10000004                . = ALIGN (0x4)
                0x10000004                _edata = .

.igot.plt       0x10000004        0x0 load address 0x000027ac
 .igot.plt      0x10000004        0x0 ./src/AndroidAccessoryHost.o

.bss_RAM2       0x2007ca00        0x0
                [!provide]                PROVIDE (__start_bss_RAM2, .)
 *(.bss.$RAM2*)
 *(.bss.$RamAHB32*)
                0x2007ca00                . = ALIGN ((. != 0x0)?0x4:0x1)
                [!provide]                PROVIDE (__end_bss_RAM2, .)

.bss            0x10000004      0x3e0
                0x10000004                _bss = .
 *(.bss*)
 .bss           0x10000004        0x4 ./src/main.o
                0x10000004                msTicks
 .bss.usb_data_buffer_size
                0x10000008        0x4 D:\Td2WorkspaceTest\DemoAoaCan\nxpUSBlib\libnxpUSBlib.a(Endpoint_LPC.o)
                0x10000008                usb_data_buffer_size
 .bss.usb_data_buffer_index
                0x1000000c        0x4 D:\Td2WorkspaceTest\DemoAoaCan\nxpUSBlib\libnxpUSBlib.a(Endpoint_LPC.o)
                0x1000000c                usb_data_buffer_index
 .bss.usb_data_buffer_OUT_size
                0x10000010        0x4 D:\Td2WorkspaceTest\DemoAoaCan\nxpUSBlib\libnxpUSBlib.a(Endpoint_LPC.o)
                0x10000010                usb_data_buffer_OUT_size
 .bss.usb_data_buffer_OUT_index
                0x10000014        0x4 D:\Td2WorkspaceTest\DemoAoaCan\nxpUSBlib\libnxpUSBlib.a(Endpoint_LPC.o)
                0x10000014                usb_data_buffer_OUT_index
 .bss.usb_data_buffer_IN_index
                0x10000018        0x4 D:\Td2WorkspaceTest\DemoAoaCan\nxpUSBlib\libnxpUSBlib.a(Endpoint_LPC.o)
                0x10000018                usb_data_buffer_IN_index
 .bss           0x1000001c      0x16a D:\Td2WorkspaceTest\DemoAoaCan\Lib_Board\Debug\libLib_Board.a(canpt.o)
 *fill*         0x10000186        0x2 
 .bss           0x10000188        0x4 D:\Td2WorkspaceTest\DemoAoaCan\Lib_Board\Debug\libLib_Board.a(time.o)
 .bss           0x1000018c       0x44 D:\Td2WorkspaceTest\DemoAoaCan\Lib_MCU\Debug\libLib_MCU.a(lpc17xx_uart.o)
                0x1000018c                uartCbsDat
                0x100001cc                pfnModemCbs
 .bss.errno     0x100001d0        0x4 c:/nxp/mcuxpressoide_10.1.1_606/ide/tools/bin/../lib/gcc/arm-none-eabi/6.3.1/../../../../arm-none-eabi/lib/thumb/v7-m\libcr_c.a(errno.o)
                0x100001d0                errno
 .bss.__Ciob    0x100001d4      0x1e0 c:/nxp/mcuxpressoide_10.1.1_606/ide/tools/bin/../lib/gcc/arm-none-eabi/6.3.1/../../../../arm-none-eabi/lib/thumb/v7-m\libcr_semihost.a(__ciob.o)
                0x100001d4                __Ciob
 *(COMMON)
 COMMON         0x100003b4        0x8 ./src/pwm.o
                0x100003b4                match_counter0
                0x100003b8                match_counter1
 COMMON         0x100003bc        0x2 D:\Td2WorkspaceTest\DemoAoaCan\nxpUSBlib\libnxpUSBlib.a(USBTask.o)
                0x100003bc                USB_IsInitialized
                0x100003bd                USB_DeviceState
 *fill*         0x100003be        0x2 
 COMMON         0x100003c0       0x18 D:\Td2WorkspaceTest\DemoAoaCan\nxpUSBlib\libnxpUSBlib.a(Endpoint_LPC17xx.o)
                0x100003c0                DataInRemainOffset
                0x100003c4                ISO_Address
                0x100003c8                SETUPReceived
                0x100003c9                isInReady
                0x100003ca                isOutReceived
                0x100003cb                shortpacket
                0x100003cc                SizeAudioTransfer
                0x100003d0                IsConfigured
                0x100003d4                DataInRemainCount
 COMMON         0x100003d8        0xa D:\Td2WorkspaceTest\DemoAoaCan\nxpUSBlib\libnxpUSBlib.a(Endpoint_LPC.o)
                0x100003d8                endpointselected
                0x100003dc                endpointhandle
                0x100003e4                . = ALIGN (0x4)
 *fill*         0x100003e2        0x2 
                0x100003e4                _ebss = .
                [!provide]                PROVIDE (end, .)

.noinit_RAM2    0x2007ca00        0x0
 *(.noinit.$RAM2*)
 *(.noinit.$RamAHB32*)
                0x2007ca00                . = ALIGN (0x4)

.noinit         0x100003e4        0x0
                0x100003e4                _noinit = .
 *(.noinit*)
                0x100003e4                . = ALIGN (0x4)
                0x100003e4                _end_noinit = .
                0x100003e4                PROVIDE (_pvHeapStart, DEFINED (__user_heap_base)?__user_heap_base:.)
                0x10008000                PROVIDE (_vStackTop, DEFINED (__user_stack_top)?__user_stack_top:(__top_RamLoc32 - 0x0))
                [!provide]                PROVIDE (__valid_user_code_checksum, (0x0 - ((((((_vStackTop + (ResetISR + 0x1)) + (NMI_Handler + 0x1)) + (HardFault_Handler + 0x1)) + (DEFINED (MemManage_Handler)?MemManage_Handler:0x0 + 0x1)) + (DEFINED (BusFault_Handler)?BusFault_Handler:0x0 + 0x1)) + (DEFINED (UsageFault_Handler)?UsageFault_Handler:0x0 + 0x1))))
                0x00000000                _image_start = LOADADDR (.text)
                0x000027ac                _image_end = (LOADADDR (.data) + SIZEOF (.data))
                0x000027ac                _image_size = (_image_end - _image_start)
OUTPUT(demo_aoa_can.axf elf32-littlearm)

.debug_info     0x00000000     0x9ac6
 .debug_info    0x00000000      0x2db ./src/cr_startup_lpc17.o
 .debug_info    0x000002db      0x590 ./src/main.o
 .debug_info    0x0000086b      0x73f ./src/pwm.o
 .debug_info    0x00000faa      0x4bf D:\Td2WorkspaceTest\DemoAoaCan\Lib_CMSISv2p00_LPC17xx\Debug\libLib_CMSISv2p00_LPC17xx.a(system_LPC17xx.o)
 .debug_info    0x00001469      0x47f D:\Td2WorkspaceTest\DemoAoaCan\nxpUSBlib\libnxpUSBlib.a(USBTask.o)
 .debug_info    0x000018e8      0xf97 D:\Td2WorkspaceTest\DemoAoaCan\nxpUSBlib\libnxpUSBlib.a(HAL_LPC17xx.o)
 .debug_info    0x0000287f      0xf79 D:\Td2WorkspaceTest\DemoAoaCan\nxpUSBlib\libnxpUSBlib.a(Endpoint_LPC17xx.o)
 .debug_info    0x000037f8      0xad0 D:\Td2WorkspaceTest\DemoAoaCan\nxpUSBlib\libnxpUSBlib.a(Endpoint_LPC.o)
 .debug_info    0x000042c8     0x1441 D:\Td2WorkspaceTest\DemoAoaCan\Lib_Board\Debug\libLib_Board.a(board.o)
 .debug_info    0x00005709      0xff3 D:\Td2WorkspaceTest\DemoAoaCan\Lib_Board\Debug\libLib_Board.a(canpt.o)
 .debug_info    0x000066fc      0x641 D:\Td2WorkspaceTest\DemoAoaCan\Lib_Board\Debug\libLib_Board.a(time.o)
 .debug_info    0x00006d3d     0x112b D:\Td2WorkspaceTest\DemoAoaCan\Lib_MCU\Debug\libLib_MCU.a(lpc17xx_can.o)
 .debug_info    0x00007e68      0x101 D:\Td2WorkspaceTest\DemoAoaCan\Lib_MCU\Debug\libLib_MCU.a(lpc17xx_libcfg_default.o)
 .debug_info    0x00007f69      0x8b6 D:\Td2WorkspaceTest\DemoAoaCan\Lib_MCU\Debug\libLib_MCU.a(lpc17xx_timer.o)
 .debug_info    0x0000881f     0x12a7 D:\Td2WorkspaceTest\DemoAoaCan\Lib_MCU\Debug\libLib_MCU.a(lpc17xx_uart.o)

.debug_abbrev   0x00000000     0x1f96
 .debug_abbrev  0x00000000      0x12c ./src/cr_startup_lpc17.o
 .debug_abbrev  0x0000012c      0x1ed ./src/main.o
 .debug_abbrev  0x00000319      0x1d5 ./src/pwm.o
 .debug_abbrev  0x000004ee      0x10c D:\Td2WorkspaceTest\DemoAoaCan\Lib_CMSISv2p00_LPC17xx\Debug\libLib_CMSISv2p00_LPC17xx.a(system_LPC17xx.o)
 .debug_abbrev  0x000005fa      0x1b0 D:\Td2WorkspaceTest\DemoAoaCan\nxpUSBlib\libnxpUSBlib.a(USBTask.o)
 .debug_abbrev  0x000007aa      0x212 D:\Td2WorkspaceTest\DemoAoaCan\nxpUSBlib\libnxpUSBlib.a(HAL_LPC17xx.o)
 .debug_abbrev  0x000009bc      0x391 D:\Td2WorkspaceTest\DemoAoaCan\nxpUSBlib\libnxpUSBlib.a(Endpoint_LPC17xx.o)
 .debug_abbrev  0x00000d4d      0x2ba D:\Td2WorkspaceTest\DemoAoaCan\nxpUSBlib\libnxpUSBlib.a(Endpoint_LPC.o)
 .debug_abbrev  0x00001007      0x34f D:\Td2WorkspaceTest\DemoAoaCan\Lib_Board\Debug\libLib_Board.a(board.o)
 .debug_abbrev  0x00001356      0x305 D:\Td2WorkspaceTest\DemoAoaCan\Lib_Board\Debug\libLib_Board.a(canpt.o)
 .debug_abbrev  0x0000165b      0x1cb D:\Td2WorkspaceTest\DemoAoaCan\Lib_Board\Debug\libLib_Board.a(time.o)
 .debug_abbrev  0x00001826      0x1f4 D:\Td2WorkspaceTest\DemoAoaCan\Lib_MCU\Debug\libLib_MCU.a(lpc17xx_can.o)
 .debug_abbrev  0x00001a1a       0xa3 D:\Td2WorkspaceTest\DemoAoaCan\Lib_MCU\Debug\libLib_MCU.a(lpc17xx_libcfg_default.o)
 .debug_abbrev  0x00001abd      0x219 D:\Td2WorkspaceTest\DemoAoaCan\Lib_MCU\Debug\libLib_MCU.a(lpc17xx_timer.o)
 .debug_abbrev  0x00001cd6      0x2c0 D:\Td2WorkspaceTest\DemoAoaCan\Lib_MCU\Debug\libLib_MCU.a(lpc17xx_uart.o)

.debug_aranges  0x00000000      0x720
 .debug_aranges
                0x00000000       0x80 ./src/cr_startup_lpc17.o
 .debug_aranges
                0x00000080       0x38 ./src/main.o
 .debug_aranges
                0x000000b8       0x48 ./src/pwm.o
 .debug_aranges
                0x00000100       0x28 D:\Td2WorkspaceTest\DemoAoaCan\Lib_CMSISv2p00_LPC17xx\Debug\libLib_CMSISv2p00_LPC17xx.a(system_LPC17xx.o)
 .debug_aranges
                0x00000128       0x28 D:\Td2WorkspaceTest\DemoAoaCan\nxpUSBlib\libnxpUSBlib.a(USBTask.o)
 .debug_aranges
                0x00000150       0x58 D:\Td2WorkspaceTest\DemoAoaCan\nxpUSBlib\libnxpUSBlib.a(HAL_LPC17xx.o)
 .debug_aranges
                0x000001a8       0xa8 D:\Td2WorkspaceTest\DemoAoaCan\nxpUSBlib\libnxpUSBlib.a(Endpoint_LPC17xx.o)
 .debug_aranges
                0x00000250       0x38 D:\Td2WorkspaceTest\DemoAoaCan\nxpUSBlib\libnxpUSBlib.a(Endpoint_LPC.o)
 .debug_aranges
                0x00000288       0xd8 D:\Td2WorkspaceTest\DemoAoaCan\Lib_Board\Debug\libLib_Board.a(board.o)
 .debug_aranges
                0x00000360       0xf0 D:\Td2WorkspaceTest\DemoAoaCan\Lib_Board\Debug\libLib_Board.a(canpt.o)
 .debug_aranges
                0x00000450       0x38 D:\Td2WorkspaceTest\DemoAoaCan\Lib_Board\Debug\libLib_Board.a(time.o)
 .debug_aranges
                0x00000488       0xa8 D:\Td2WorkspaceTest\DemoAoaCan\Lib_MCU\Debug\libLib_MCU.a(lpc17xx_can.o)
 .debug_aranges
                0x00000530       0x20 D:\Td2WorkspaceTest\DemoAoaCan\Lib_MCU\Debug\libLib_MCU.a(lpc17xx_libcfg_default.o)
 .debug_aranges
                0x00000550       0xa0 D:\Td2WorkspaceTest\DemoAoaCan\Lib_MCU\Debug\libLib_MCU.a(lpc17xx_timer.o)
 .debug_aranges
                0x000005f0      0x130 D:\Td2WorkspaceTest\DemoAoaCan\Lib_MCU\Debug\libLib_MCU.a(lpc17xx_uart.o)

.debug_ranges   0x00000000      0x660
 .debug_ranges  0x00000000       0x70 ./src/cr_startup_lpc17.o
 .debug_ranges  0x00000070       0x28 ./src/main.o
 .debug_ranges  0x00000098       0x38 ./src/pwm.o
 .debug_ranges  0x000000d0       0x18 D:\Td2WorkspaceTest\DemoAoaCan\Lib_CMSISv2p00_LPC17xx\Debug\libLib_CMSISv2p00_LPC17xx.a(system_LPC17xx.o)
 .debug_ranges  0x000000e8       0x18 D:\Td2WorkspaceTest\DemoAoaCan\nxpUSBlib\libnxpUSBlib.a(USBTask.o)
 .debug_ranges  0x00000100       0x48 D:\Td2WorkspaceTest\DemoAoaCan\nxpUSBlib\libnxpUSBlib.a(HAL_LPC17xx.o)
 .debug_ranges  0x00000148       0x98 D:\Td2WorkspaceTest\DemoAoaCan\nxpUSBlib\libnxpUSBlib.a(Endpoint_LPC17xx.o)
 .debug_ranges  0x000001e0       0x58 D:\Td2WorkspaceTest\DemoAoaCan\nxpUSBlib\libnxpUSBlib.a(Endpoint_LPC.o)
 .debug_ranges  0x00000238       0xc8 D:\Td2WorkspaceTest\DemoAoaCan\Lib_Board\Debug\libLib_Board.a(board.o)
 .debug_ranges  0x00000300       0xe0 D:\Td2WorkspaceTest\DemoAoaCan\Lib_Board\Debug\libLib_Board.a(canpt.o)
 .debug_ranges  0x000003e0       0x28 D:\Td2WorkspaceTest\DemoAoaCan\Lib_Board\Debug\libLib_Board.a(time.o)
 .debug_ranges  0x00000408       0x98 D:\Td2WorkspaceTest\DemoAoaCan\Lib_MCU\Debug\libLib_MCU.a(lpc17xx_can.o)
 .debug_ranges  0x000004a0       0x10 D:\Td2WorkspaceTest\DemoAoaCan\Lib_MCU\Debug\libLib_MCU.a(lpc17xx_libcfg_default.o)
 .debug_ranges  0x000004b0       0x90 D:\Td2WorkspaceTest\DemoAoaCan\Lib_MCU\Debug\libLib_MCU.a(lpc17xx_timer.o)
 .debug_ranges  0x00000540      0x120 D:\Td2WorkspaceTest\DemoAoaCan\Lib_MCU\Debug\libLib_MCU.a(lpc17xx_uart.o)

.debug_macro    0x00000000     0x448b
 .debug_macro   0x00000000       0x52 ./src/cr_startup_lpc17.o
 .debug_macro   0x00000052       0x90 ./src/main.o
 .debug_macro   0x000000e2      0x13c ./src/main.o
 .debug_macro   0x0000021e       0x1c ./src/main.o
 .debug_macro   0x0000023a       0x87 ./src/pwm.o
 .debug_macro   0x000002c1       0x1c ./src/pwm.o
 .debug_macro   0x000002dd      0x2d5 ./src/pwm.o
 .debug_macro   0x000005b2      0x12b D:\Td2WorkspaceTest\DemoAoaCan\Lib_CMSISv2p00_LPC17xx\Debug\libLib_CMSISv2p00_LPC17xx.a(system_LPC17xx.o)
 .debug_macro   0x000006dd      0x8bc D:\Td2WorkspaceTest\DemoAoaCan\Lib_CMSISv2p00_LPC17xx\Debug\libLib_CMSISv2p00_LPC17xx.a(system_LPC17xx.o)
 .debug_macro   0x00000f99      0x276 D:\Td2WorkspaceTest\DemoAoaCan\nxpUSBlib\libnxpUSBlib.a(USBTask.o)
 .debug_macro   0x0000120f      0x268 D:\Td2WorkspaceTest\DemoAoaCan\nxpUSBlib\libnxpUSBlib.a(HAL_LPC17xx.o)
 .debug_macro   0x00001477      0x290 D:\Td2WorkspaceTest\DemoAoaCan\nxpUSBlib\libnxpUSBlib.a(Endpoint_LPC17xx.o)
 .debug_macro   0x00001707       0x10 D:\Td2WorkspaceTest\DemoAoaCan\nxpUSBlib\libnxpUSBlib.a(Endpoint_LPC17xx.o)
 .debug_macro   0x00001717      0x28a D:\Td2WorkspaceTest\DemoAoaCan\nxpUSBlib\libnxpUSBlib.a(Endpoint_LPC.o)
 .debug_macro   0x000019a1      0x1bb D:\Td2WorkspaceTest\DemoAoaCan\Lib_Board\Debug\libLib_Board.a(board.o)
 .debug_macro   0x00001b5c      0x8bc D:\Td2WorkspaceTest\DemoAoaCan\Lib_Board\Debug\libLib_Board.a(board.o)
 .debug_macro   0x00002418      0x143 D:\Td2WorkspaceTest\DemoAoaCan\Lib_Board\Debug\libLib_Board.a(board.o)
 .debug_macro   0x0000255b      0x32a D:\Td2WorkspaceTest\DemoAoaCan\Lib_Board\Debug\libLib_Board.a(board.o)
 .debug_macro   0x00002885      0x192 D:\Td2WorkspaceTest\DemoAoaCan\Lib_Board\Debug\libLib_Board.a(board.o)
 .debug_macro   0x00002a17      0x2af D:\Td2WorkspaceTest\DemoAoaCan\Lib_Board\Debug\libLib_Board.a(board.o)
 .debug_macro   0x00002cc6       0xf4 D:\Td2WorkspaceTest\DemoAoaCan\Lib_Board\Debug\libLib_Board.a(board.o)
 .debug_macro   0x00002dba      0x146 D:\Td2WorkspaceTest\DemoAoaCan\Lib_Board\Debug\libLib_Board.a(board.o)
 .debug_macro   0x00002f00       0x16 D:\Td2WorkspaceTest\DemoAoaCan\Lib_Board\Debug\libLib_Board.a(board.o)
 .debug_macro   0x00002f16       0x52 D:\Td2WorkspaceTest\DemoAoaCan\Lib_Board\Debug\libLib_Board.a(board.o)
 .debug_macro   0x00002f68       0x22 D:\Td2WorkspaceTest\DemoAoaCan\Lib_Board\Debug\libLib_Board.a(board.o)
 .debug_macro   0x00002f8a       0x16 D:\Td2WorkspaceTest\DemoAoaCan\Lib_Board\Debug\libLib_Board.a(board.o)
 .debug_macro   0x00002fa0       0x5e D:\Td2WorkspaceTest\DemoAoaCan\Lib_Board\Debug\libLib_Board.a(board.o)
 .debug_macro   0x00002ffe      0x47b D:\Td2WorkspaceTest\DemoAoaCan\Lib_Board\Debug\libLib_Board.a(board.o)
 .debug_macro   0x00003479       0x58 D:\Td2WorkspaceTest\DemoAoaCan\Lib_Board\Debug\libLib_Board.a(board.o)
 .debug_macro   0x000034d1      0x17b D:\Td2WorkspaceTest\DemoAoaCan\Lib_Board\Debug\libLib_Board.a(board.o)
 .debug_macro   0x0000364c       0xd6 D:\Td2WorkspaceTest\DemoAoaCan\Lib_Board\Debug\libLib_Board.a(board.o)
 .debug_macro   0x00003722       0x46 D:\Td2WorkspaceTest\DemoAoaCan\Lib_Board\Debug\libLib_Board.a(board.o)
 .debug_macro   0x00003768       0x10 D:\Td2WorkspaceTest\DemoAoaCan\Lib_Board\Debug\libLib_Board.a(board.o)
 .debug_macro   0x00003778       0x76 D:\Td2WorkspaceTest\DemoAoaCan\Lib_Board\Debug\libLib_Board.a(board.o)
 .debug_macro   0x000037ee       0x34 D:\Td2WorkspaceTest\DemoAoaCan\Lib_Board\Debug\libLib_Board.a(board.o)
 .debug_macro   0x00003822       0x4f D:\Td2WorkspaceTest\DemoAoaCan\Lib_Board\Debug\libLib_Board.a(board.o)
 .debug_macro   0x00003871      0x11d D:\Td2WorkspaceTest\DemoAoaCan\Lib_Board\Debug\libLib_Board.a(board.o)
 .debug_macro   0x0000398e       0xf2 D:\Td2WorkspaceTest\DemoAoaCan\Lib_Board\Debug\libLib_Board.a(canpt.o)
 .debug_macro   0x00003a80       0xa0 D:\Td2WorkspaceTest\DemoAoaCan\Lib_Board\Debug\libLib_Board.a(canpt.o)
 .debug_macro   0x00003b20      0x49d D:\Td2WorkspaceTest\DemoAoaCan\Lib_Board\Debug\libLib_Board.a(canpt.o)
 .debug_macro   0x00003fbd       0x97 D:\Td2WorkspaceTest\DemoAoaCan\Lib_Board\Debug\libLib_Board.a(time.o)
 .debug_macro   0x00004054       0xe3 D:\Td2WorkspaceTest\DemoAoaCan\Lib_Board\Debug\libLib_Board.a(time.o)
 .debug_macro   0x00004137       0x9f D:\Td2WorkspaceTest\DemoAoaCan\Lib_MCU\Debug\libLib_MCU.a(lpc17xx_can.o)
 .debug_macro   0x000041d6       0x5a D:\Td2WorkspaceTest\DemoAoaCan\Lib_MCU\Debug\libLib_MCU.a(lpc17xx_libcfg_default.o)
 .debug_macro   0x00004230       0x4f D:\Td2WorkspaceTest\DemoAoaCan\Lib_MCU\Debug\libLib_MCU.a(lpc17xx_libcfg_default.o)
 .debug_macro   0x0000427f       0xc5 D:\Td2WorkspaceTest\DemoAoaCan\Lib_MCU\Debug\libLib_MCU.a(lpc17xx_libcfg_default.o)
 .debug_macro   0x00004344       0xa8 D:\Td2WorkspaceTest\DemoAoaCan\Lib_MCU\Debug\libLib_MCU.a(lpc17xx_timer.o)
 .debug_macro   0x000043ec       0x9f D:\Td2WorkspaceTest\DemoAoaCan\Lib_MCU\Debug\libLib_MCU.a(lpc17xx_uart.o)

.debug_line     0x00000000     0x57ce
 .debug_line    0x00000000      0x1d6 ./src/cr_startup_lpc17.o
 .debug_line    0x000001d6      0x2c9 ./src/main.o
 .debug_line    0x0000049f      0x261 ./src/pwm.o
 .debug_line    0x00000700      0x1e3 D:\Td2WorkspaceTest\DemoAoaCan\Lib_CMSISv2p00_LPC17xx\Debug\libLib_CMSISv2p00_LPC17xx.a(system_LPC17xx.o)
 .debug_line    0x000008e3      0x80a D:\Td2WorkspaceTest\DemoAoaCan\nxpUSBlib\libnxpUSBlib.a(USBTask.o)
 .debug_line    0x000010ed      0x894 D:\Td2WorkspaceTest\DemoAoaCan\nxpUSBlib\libnxpUSBlib.a(HAL_LPC17xx.o)
 .debug_line    0x00001981      0xbf0 D:\Td2WorkspaceTest\DemoAoaCan\nxpUSBlib\libnxpUSBlib.a(Endpoint_LPC17xx.o)
 .debug_line    0x00002571      0x922 D:\Td2WorkspaceTest\DemoAoaCan\nxpUSBlib\libnxpUSBlib.a(Endpoint_LPC.o)
 .debug_line    0x00002e93      0x645 D:\Td2WorkspaceTest\DemoAoaCan\Lib_Board\Debug\libLib_Board.a(board.o)
 .debug_line    0x000034d8      0x624 D:\Td2WorkspaceTest\DemoAoaCan\Lib_Board\Debug\libLib_Board.a(canpt.o)
 .debug_line    0x00003afc      0x24f D:\Td2WorkspaceTest\DemoAoaCan\Lib_Board\Debug\libLib_Board.a(time.o)
 .debug_line    0x00003d4b      0xa1a D:\Td2WorkspaceTest\DemoAoaCan\Lib_MCU\Debug\libLib_MCU.a(lpc17xx_can.o)
 .debug_line    0x00004765      0x162 D:\Td2WorkspaceTest\DemoAoaCan\Lib_MCU\Debug\libLib_MCU.a(lpc17xx_libcfg_default.o)
 .debug_line    0x000048c7      0x587 D:\Td2WorkspaceTest\DemoAoaCan\Lib_MCU\Debug\libLib_MCU.a(lpc17xx_timer.o)
 .debug_line    0x00004e4e      0x980 D:\Td2WorkspaceTest\DemoAoaCan\Lib_MCU\Debug\libLib_MCU.a(lpc17xx_uart.o)

.debug_str      0x00000000    0x19331
 .debug_str     0x00000000     0x3dc9 ./src/cr_startup_lpc17.o
                               0x3e64 (size before relaxing)
 .debug_str     0x00003dc9     0x4c49 ./src/main.o
                               0x88f5 (size before relaxing)
 .debug_str     0x00008a12      0x31e ./src/pwm.o
                               0x86b8 (size before relaxing)
 .debug_str     0x00008d30      0x4fb D:\Td2WorkspaceTest\DemoAoaCan\Lib_CMSISv2p00_LPC17xx\Debug\libLib_CMSISv2p00_LPC17xx.a(system_LPC17xx.o)
                               0x8205 (size before relaxing)
 .debug_str     0x0000922b     0x2603 D:\Td2WorkspaceTest\DemoAoaCan\nxpUSBlib\libnxpUSBlib.a(USBTask.o)
                               0xa877 (size before relaxing)
 .debug_str     0x0000b82e      0x49c D:\Td2WorkspaceTest\DemoAoaCan\nxpUSBlib\libnxpUSBlib.a(HAL_LPC17xx.o)
                               0xb061 (size before relaxing)
 .debug_str     0x0000bcca      0x375 D:\Td2WorkspaceTest\DemoAoaCan\nxpUSBlib\libnxpUSBlib.a(Endpoint_LPC17xx.o)
                               0xaf8b (size before relaxing)
 .debug_str     0x0000c03f      0x1b3 D:\Td2WorkspaceTest\DemoAoaCan\nxpUSBlib\libnxpUSBlib.a(Endpoint_LPC.o)
                               0xad21 (size before relaxing)
 .debug_str     0x0000c1f2     0x7fdc D:\Td2WorkspaceTest\DemoAoaCan\Lib_Board\Debug\libLib_Board.a(board.o)
                              0x101d1 (size before relaxing)
 .debug_str     0x000141ce     0x22ab D:\Td2WorkspaceTest\DemoAoaCan\Lib_Board\Debug\libLib_Board.a(canpt.o)
                               0xbe67 (size before relaxing)
 .debug_str     0x00016479      0x9d8 D:\Td2WorkspaceTest\DemoAoaCan\Lib_Board\Debug\libLib_Board.a(time.o)
                               0x8b32 (size before relaxing)
 .debug_str     0x00016e51     0x1a3e D:\Td2WorkspaceTest\DemoAoaCan\Lib_MCU\Debug\libLib_MCU.a(lpc17xx_can.o)
                               0xb5bb (size before relaxing)
 .debug_str     0x0001888f       0x2d D:\Td2WorkspaceTest\DemoAoaCan\Lib_MCU\Debug\libLib_MCU.a(lpc17xx_libcfg_default.o)
                               0x3f10 (size before relaxing)
 .debug_str     0x000188bc      0x25e D:\Td2WorkspaceTest\DemoAoaCan\Lib_MCU\Debug\libLib_MCU.a(lpc17xx_timer.o)
                               0xa30b (size before relaxing)
 .debug_str     0x00018b1a      0x817 D:\Td2WorkspaceTest\DemoAoaCan\Lib_MCU\Debug\libLib_MCU.a(lpc17xx_uart.o)
                               0xb497 (size before relaxing)

.comment        0x00000000       0x7f
 .comment       0x00000000       0x7f ./src/cr_startup_lpc17.o
                                 0x80 (size before relaxing)
 .comment       0x0000007f       0x80 ./src/main.o
 .comment       0x0000007f       0x80 ./src/pwm.o
 .comment       0x0000007f       0x80 D:\Td2WorkspaceTest\DemoAoaCan\Lib_CMSISv2p00_LPC17xx\Debug\libLib_CMSISv2p00_LPC17xx.a(system_LPC17xx.o)
 .comment       0x0000007f       0x80 D:\Td2WorkspaceTest\DemoAoaCan\nxpUSBlib\libnxpUSBlib.a(USBTask.o)
 .comment       0x0000007f       0x80 D:\Td2WorkspaceTest\DemoAoaCan\nxpUSBlib\libnxpUSBlib.a(HAL_LPC17xx.o)
 .comment       0x0000007f       0x80 D:\Td2WorkspaceTest\DemoAoaCan\nxpUSBlib\libnxpUSBlib.a(Endpoint_LPC17xx.o)
 .comment       0x0000007f       0x80 D:\Td2WorkspaceTest\DemoAoaCan\nxpUSBlib\libnxpUSBlib.a(Endpoint_LPC.o)
 .comment       0x0000007f       0x80 D:\Td2WorkspaceTest\DemoAoaCan\Lib_Board\Debug\libLib_Board.a(board.o)
 .comment       0x0000007f       0x80 D:\Td2WorkspaceTest\DemoAoaCan\Lib_Board\Debug\libLib_Board.a(canpt.o)
 .comment       0x0000007f       0x80 D:\Td2WorkspaceTest\DemoAoaCan\Lib_Board\Debug\libLib_Board.a(time.o)
 .comment       0x0000007f       0x80 D:\Td2WorkspaceTest\DemoAoaCan\Lib_MCU\Debug\libLib_MCU.a(lpc17xx_can.o)
 .comment       0x0000007f       0x80 D:\Td2WorkspaceTest\DemoAoaCan\Lib_MCU\Debug\libLib_MCU.a(lpc17xx_libcfg_default.o)
 .comment       0x0000007f       0x80 D:\Td2WorkspaceTest\DemoAoaCan\Lib_MCU\Debug\libLib_MCU.a(lpc17xx_timer.o)
 .comment       0x0000007f       0x80 D:\Td2WorkspaceTest\DemoAoaCan\Lib_MCU\Debug\libLib_MCU.a(lpc17xx_uart.o)
 .comment       0x0000007f       0x80 c:/nxp/mcuxpressoide_10.1.1_606/ide/tools/bin/../lib/gcc/arm-none-eabi/6.3.1/../../../../arm-none-eabi/lib/thumb/v7-m\libcr_semihost.a(_cr__main.o)
 .comment       0x0000007f       0x80 c:/nxp/mcuxpressoide_10.1.1_606/ide/tools/bin/../lib/gcc/arm-none-eabi/6.3.1/../../../../arm-none-eabi/lib/thumb/v7-m\libcr_c.a(memcpy.o)
 .comment       0x0000007f       0x80 c:/nxp/mcuxpressoide_10.1.1_606/ide/tools/bin/../lib/gcc/arm-none-eabi/6.3.1/../../../../arm-none-eabi/lib/thumb/v7-m\libcr_c.a(memset.o)
 .comment       0x0000007f       0x80 c:/nxp/mcuxpressoide_10.1.1_606/ide/tools/bin/../lib/gcc/arm-none-eabi/6.3.1/../../../../arm-none-eabi/lib/thumb/v7-m\libcr_c.a(initio.o)
 .comment       0x0000007f       0x80 c:/nxp/mcuxpressoide_10.1.1_606/ide/tools/bin/../lib/gcc/arm-none-eabi/6.3.1/../../../../arm-none-eabi/lib/thumb/v7-m\libcr_c.a(setvbuf.o)
 .comment       0x0000007f       0x80 c:/nxp/mcuxpressoide_10.1.1_606/ide/tools/bin/../lib/gcc/arm-none-eabi/6.3.1/../../../../arm-none-eabi/lib/thumb/v7-m\libcr_c.a(strlen.o)
 .comment       0x0000007f       0x80 c:/nxp/mcuxpressoide_10.1.1_606/ide/tools/bin/../lib/gcc/arm-none-eabi/6.3.1/../../../../arm-none-eabi/lib/thumb/v7-m\libcr_c.a(_deferredlazyseek.o)
 .comment       0x0000007f       0x80 c:/nxp/mcuxpressoide_10.1.1_606/ide/tools/bin/../lib/gcc/arm-none-eabi/6.3.1/../../../../arm-none-eabi/lib/thumb/v7-m\libcr_c.a(_fdopen.o)
 .comment       0x0000007f       0x80 c:/nxp/mcuxpressoide_10.1.1_606/ide/tools/bin/../lib/gcc/arm-none-eabi/6.3.1/../../../../arm-none-eabi/lib/thumb/v7-m\libcr_c.a(_fflush.o)
 .comment       0x0000007f       0x80 c:/nxp/mcuxpressoide_10.1.1_606/ide/tools/bin/../lib/gcc/arm-none-eabi/6.3.1/../../../../arm-none-eabi/lib/thumb/v7-m\libcr_c.a(_writebuf.o)
 .comment       0x0000007f       0x80 c:/nxp/mcuxpressoide_10.1.1_606/ide/tools/bin/../lib/gcc/arm-none-eabi/6.3.1/../../../../arm-none-eabi/lib/thumb/v7-m\libcr_c.a(alloc.o)
 .comment       0x0000007f       0x80 c:/nxp/mcuxpressoide_10.1.1_606/ide/tools/bin/../lib/gcc/arm-none-eabi/6.3.1/../../../../arm-none-eabi/lib/thumb/v7-m\libcr_c.a(errno.o)
 .comment       0x0000007f       0x80 c:/nxp/mcuxpressoide_10.1.1_606/ide/tools/bin/../lib/gcc/arm-none-eabi/6.3.1/../../../../arm-none-eabi/lib/thumb/v7-m\libcr_c.a(fclose.o)
 .comment       0x0000007f       0x80 c:/nxp/mcuxpressoide_10.1.1_606/ide/tools/bin/../lib/gcc/arm-none-eabi/6.3.1/../../../../arm-none-eabi/lib/thumb/v7-m\libcr_c.a(fflush.o)
 .comment       0x0000007f       0x80 c:/nxp/mcuxpressoide_10.1.1_606/ide/tools/bin/../lib/gcc/arm-none-eabi/6.3.1/../../../../arm-none-eabi/lib/thumb/v7-m\libcr_c.a(fseek.o)
 .comment       0x0000007f       0x80 c:/nxp/mcuxpressoide_10.1.1_606/ide/tools/bin/../lib/gcc/arm-none-eabi/6.3.1/../../../../arm-none-eabi/lib/thumb/v7-m\libcr_c.a(ftell.o)
 .comment       0x0000007f       0x80 c:/nxp/mcuxpressoide_10.1.1_606/ide/tools/bin/../lib/gcc/arm-none-eabi/6.3.1/../../../../arm-none-eabi/lib/thumb/v7-m\libcr_c.a(remove.o)
 .comment       0x0000007f       0x80 c:/nxp/mcuxpressoide_10.1.1_606/ide/tools/bin/../lib/gcc/arm-none-eabi/6.3.1/../../../../arm-none-eabi/lib/thumb/v7-m\libcr_c.a(_do_fflush.o)
 .comment       0x0000007f       0x80 c:/nxp/mcuxpressoide_10.1.1_606/ide/tools/bin/../lib/gcc/arm-none-eabi/6.3.1/../../../../arm-none-eabi/lib/thumb/v7-m\libcr_semihost.a(__ciob.o)

.ARM.attributes
                0x00000000       0x31
 .ARM.attributes
                0x00000000       0x33 ./src/cr_startup_lpc17.o
 .ARM.attributes
                0x00000033       0x33 ./src/main.o
 .ARM.attributes
                0x00000066       0x33 ./src/pwm.o
 .ARM.attributes
                0x00000099       0x33 D:\Td2WorkspaceTest\DemoAoaCan\Lib_CMSISv2p00_LPC17xx\Debug\libLib_CMSISv2p00_LPC17xx.a(system_LPC17xx.o)
 .ARM.attributes
                0x000000cc       0x33 D:\Td2WorkspaceTest\DemoAoaCan\nxpUSBlib\libnxpUSBlib.a(USBTask.o)
 .ARM.attributes
                0x000000ff       0x33 D:\Td2WorkspaceTest\DemoAoaCan\nxpUSBlib\libnxpUSBlib.a(HAL_LPC17xx.o)
 .ARM.attributes
                0x00000132       0x33 D:\Td2WorkspaceTest\DemoAoaCan\nxpUSBlib\libnxpUSBlib.a(Endpoint_LPC17xx.o)
 .ARM.attributes
                0x00000165       0x33 D:\Td2WorkspaceTest\DemoAoaCan\nxpUSBlib\libnxpUSBlib.a(Endpoint_LPC.o)
 .ARM.attributes
                0x00000198       0x33 D:\Td2WorkspaceTest\DemoAoaCan\Lib_Board\Debug\libLib_Board.a(board.o)
 .ARM.attributes
                0x000001cb       0x33 D:\Td2WorkspaceTest\DemoAoaCan\Lib_Board\Debug\libLib_Board.a(canpt.o)
 .ARM.attributes
                0x000001fe       0x33 D:\Td2WorkspaceTest\DemoAoaCan\Lib_Board\Debug\libLib_Board.a(time.o)
 .ARM.attributes
                0x00000231       0x33 D:\Td2WorkspaceTest\DemoAoaCan\Lib_MCU\Debug\libLib_MCU.a(lpc17xx_can.o)
 .ARM.attributes
                0x00000264       0x33 D:\Td2WorkspaceTest\DemoAoaCan\Lib_MCU\Debug\libLib_MCU.a(lpc17xx_libcfg_default.o)
 .ARM.attributes
                0x00000297       0x33 D:\Td2WorkspaceTest\DemoAoaCan\Lib_MCU\Debug\libLib_MCU.a(lpc17xx_timer.o)
 .ARM.attributes
                0x000002ca       0x33 D:\Td2WorkspaceTest\DemoAoaCan\Lib_MCU\Debug\libLib_MCU.a(lpc17xx_uart.o)
 .ARM.attributes
                0x000002fd       0x33 c:/nxp/mcuxpressoide_10.1.1_606/ide/tools/bin/../lib/gcc/arm-none-eabi/6.3.1/../../../../arm-none-eabi/lib/thumb/v7-m\libcr_semihost.a(_cr__main.o)
 .ARM.attributes
                0x00000330       0x33 c:/nxp/mcuxpressoide_10.1.1_606/ide/tools/bin/../lib/gcc/arm-none-eabi/6.3.1/../../../../arm-none-eabi/lib/thumb/v7-m\libcr_c.a(memcpy.o)
 .ARM.attributes
                0x00000363       0x33 c:/nxp/mcuxpressoide_10.1.1_606/ide/tools/bin/../lib/gcc/arm-none-eabi/6.3.1/../../../../arm-none-eabi/lib/thumb/v7-m\libcr_c.a(memset.o)
 .ARM.attributes
                0x00000396       0x33 c:/nxp/mcuxpressoide_10.1.1_606/ide/tools/bin/../lib/gcc/arm-none-eabi/6.3.1/../../../../arm-none-eabi/lib/thumb/v7-m\libcr_c.a(initio.o)
 .ARM.attributes
                0x000003c9       0x33 c:/nxp/mcuxpressoide_10.1.1_606/ide/tools/bin/../lib/gcc/arm-none-eabi/6.3.1/../../../../arm-none-eabi/lib/thumb/v7-m\libcr_c.a(setvbuf.o)
 .ARM.attributes
                0x000003fc       0x33 c:/nxp/mcuxpressoide_10.1.1_606/ide/tools/bin/../lib/gcc/arm-none-eabi/6.3.1/../../../../arm-none-eabi/lib/thumb/v7-m\libcr_c.a(strlen.o)
 .ARM.attributes
                0x0000042f       0x33 c:/nxp/mcuxpressoide_10.1.1_606/ide/tools/bin/../lib/gcc/arm-none-eabi/6.3.1/../../../../arm-none-eabi/lib/thumb/v7-m\libcr_c.a(_deferredlazyseek.o)
 .ARM.attributes
                0x00000462       0x33 c:/nxp/mcuxpressoide_10.1.1_606/ide/tools/bin/../lib/gcc/arm-none-eabi/6.3.1/../../../../arm-none-eabi/lib/thumb/v7-m\libcr_c.a(_fdopen.o)
 .ARM.attributes
                0x00000495       0x33 c:/nxp/mcuxpressoide_10.1.1_606/ide/tools/bin/../lib/gcc/arm-none-eabi/6.3.1/../../../../arm-none-eabi/lib/thumb/v7-m\libcr_c.a(_fflush.o)
 .ARM.attributes
                0x000004c8       0x33 c:/nxp/mcuxpressoide_10.1.1_606/ide/tools/bin/../lib/gcc/arm-none-eabi/6.3.1/../../../../arm-none-eabi/lib/thumb/v7-m\libcr_c.a(_writebuf.o)
 .ARM.attributes
                0x000004fb       0x33 c:/nxp/mcuxpressoide_10.1.1_606/ide/tools/bin/../lib/gcc/arm-none-eabi/6.3.1/../../../../arm-none-eabi/lib/thumb/v7-m\libcr_c.a(alloc.o)
 .ARM.attributes
                0x0000052e       0x33 c:/nxp/mcuxpressoide_10.1.1_606/ide/tools/bin/../lib/gcc/arm-none-eabi/6.3.1/../../../../arm-none-eabi/lib/thumb/v7-m\libcr_c.a(errno.o)
 .ARM.attributes
                0x00000561       0x33 c:/nxp/mcuxpressoide_10.1.1_606/ide/tools/bin/../lib/gcc/arm-none-eabi/6.3.1/../../../../arm-none-eabi/lib/thumb/v7-m\libcr_c.a(fclose.o)
 .ARM.attributes
                0x00000594       0x33 c:/nxp/mcuxpressoide_10.1.1_606/ide/tools/bin/../lib/gcc/arm-none-eabi/6.3.1/../../../../arm-none-eabi/lib/thumb/v7-m\libcr_c.a(fflush.o)
 .ARM.attributes
                0x000005c7       0x33 c:/nxp/mcuxpressoide_10.1.1_606/ide/tools/bin/../lib/gcc/arm-none-eabi/6.3.1/../../../../arm-none-eabi/lib/thumb/v7-m\libcr_c.a(fseek.o)
 .ARM.attributes
                0x000005fa       0x33 c:/nxp/mcuxpressoide_10.1.1_606/ide/tools/bin/../lib/gcc/arm-none-eabi/6.3.1/../../../../arm-none-eabi/lib/thumb/v7-m\libcr_c.a(ftell.o)
 .ARM.attributes
                0x0000062d       0x33 c:/nxp/mcuxpressoide_10.1.1_606/ide/tools/bin/../lib/gcc/arm-none-eabi/6.3.1/../../../../arm-none-eabi/lib/thumb/v7-m\libcr_c.a(remove.o)
 .ARM.attributes
                0x00000660       0x33 c:/nxp/mcuxpressoide_10.1.1_606/ide/tools/bin/../lib/gcc/arm-none-eabi/6.3.1/../../../../arm-none-eabi/lib/thumb/v7-m\libcr_c.a(_do_fflush.o)
 .ARM.attributes
                0x00000693       0x21 c:/nxp/mcuxpressoide_10.1.1_606/ide/tools/bin/../lib/gcc/arm-none-eabi/6.3.1/thumb/v7-m\libcr_eabihelpers.a(memcpy.o)
 .ARM.attributes
                0x000006b4       0x33 c:/nxp/mcuxpressoide_10.1.1_606/ide/tools/bin/../lib/gcc/arm-none-eabi/6.3.1/../../../../arm-none-eabi/lib/thumb/v7-m\libcr_semihost.a(__ciob.o)
 .ARM.attributes
                0x000006e7       0x21 c:/nxp/mcuxpressoide_10.1.1_606/ide/tools/bin/../lib/gcc/arm-none-eabi/6.3.1/../../../../arm-none-eabi/lib/thumb/v7-m\libcr_semihost.a(__sys_close.o)
 .ARM.attributes
                0x00000708       0x21 c:/nxp/mcuxpressoide_10.1.1_606/ide/tools/bin/../lib/gcc/arm-none-eabi/6.3.1/../../../../arm-none-eabi/lib/thumb/v7-m\libcr_semihost.a(__sys_flen.o)
 .ARM.attributes
                0x00000729       0x21 c:/nxp/mcuxpressoide_10.1.1_606/ide/tools/bin/../lib/gcc/arm-none-eabi/6.3.1/../../../../arm-none-eabi/lib/thumb/v7-m\libcr_semihost.a(__sys_istty.o)
 .ARM.attributes
                0x0000074a       0x21 c:/nxp/mcuxpressoide_10.1.1_606/ide/tools/bin/../lib/gcc/arm-none-eabi/6.3.1/../../../../arm-none-eabi/lib/thumb/v7-m\libcr_semihost.a(__sys_remove.o)
 .ARM.attributes
                0x0000076b       0x21 c:/nxp/mcuxpressoide_10.1.1_606/ide/tools/bin/../lib/gcc/arm-none-eabi/6.3.1/../../../../arm-none-eabi/lib/thumb/v7-m\libcr_semihost.a(__sys_seek.o)
 .ARM.attributes
                0x0000078c       0x21 c:/nxp/mcuxpressoide_10.1.1_606/ide/tools/bin/../lib/gcc/arm-none-eabi/6.3.1/../../../../arm-none-eabi/lib/thumb/v7-m\libcr_semihost.a(__sys_tmpnam.o)
 .ARM.attributes
                0x000007ad       0x21 c:/nxp/mcuxpressoide_10.1.1_606/ide/tools/bin/../lib/gcc/arm-none-eabi/6.3.1/../../../../arm-none-eabi/lib/thumb/v7-m\libcr_semihost.a(__sys_write.o)

.debug_frame    0x00000000     0x1a64
 .debug_frame   0x00000000      0x170 ./src/cr_startup_lpc17.o
 .debug_frame   0x00000170       0x9c ./src/main.o
 .debug_frame   0x0000020c       0xfc ./src/pwm.o
 .debug_frame   0x00000308       0x38 D:\Td2WorkspaceTest\DemoAoaCan\Lib_CMSISv2p00_LPC17xx\Debug\libLib_CMSISv2p00_LPC17xx.a(system_LPC17xx.o)
 .debug_frame   0x00000340       0x50 D:\Td2WorkspaceTest\DemoAoaCan\nxpUSBlib\libnxpUSBlib.a(USBTask.o)
 .debug_frame   0x00000390      0x130 D:\Td2WorkspaceTest\DemoAoaCan\nxpUSBlib\libnxpUSBlib.a(HAL_LPC17xx.o)
 .debug_frame   0x000004c0      0x2b8 D:\Td2WorkspaceTest\DemoAoaCan\nxpUSBlib\libnxpUSBlib.a(Endpoint_LPC17xx.o)
 .debug_frame   0x00000778       0xa4 D:\Td2WorkspaceTest\DemoAoaCan\nxpUSBlib\libnxpUSBlib.a(Endpoint_LPC.o)
 .debug_frame   0x0000081c      0x360 D:\Td2WorkspaceTest\DemoAoaCan\Lib_Board\Debug\libLib_Board.a(board.o)
 .debug_frame   0x00000b7c      0x3fc D:\Td2WorkspaceTest\DemoAoaCan\Lib_Board\Debug\libLib_Board.a(canpt.o)
 .debug_frame   0x00000f78       0x98 D:\Td2WorkspaceTest\DemoAoaCan\Lib_Board\Debug\libLib_Board.a(time.o)
 .debug_frame   0x00001010      0x2b0 D:\Td2WorkspaceTest\DemoAoaCan\Lib_MCU\Debug\libLib_MCU.a(lpc17xx_can.o)
 .debug_frame   0x000012c0       0x2c D:\Td2WorkspaceTest\DemoAoaCan\Lib_MCU\Debug\libLib_MCU.a(lpc17xx_libcfg_default.o)
 .debug_frame   0x000012ec      0x280 D:\Td2WorkspaceTest\DemoAoaCan\Lib_MCU\Debug\libLib_MCU.a(lpc17xx_timer.o)
 .debug_frame   0x0000156c      0x4f8 D:\Td2WorkspaceTest\DemoAoaCan\Lib_MCU\Debug\libLib_MCU.a(lpc17xx_uart.o)
