15:08:24 **** Incremental Build of configuration Debug for project demo_aoa_can ****
make all 
Building target: demo_aoa_can.axf
Invoking: MCU Linker
arm-none-eabi-gcc -nostdlib -L"/home/laboratorio/VirtualBox VMs/Compartida AltiumLpc_XP/Interfaz CAN/Firmware/Ubuntu/Version Ultima/DemoAoaCan/Lib_CMSISv2p00_LPC17xx/Debug" -L"/home/laboratorio/VirtualBox VMs/Compartida AltiumLpc_XP/Interfaz CAN/Firmware/Ubuntu/Version Ultima/DemoAoaCan/Lib_Board/Debug" -L"/home/laboratorio/VirtualBox VMs/Compartida AltiumLpc_XP/Interfaz CAN/Firmware/Ubuntu/Version Ultima/DemoAoaCan/nxpUSBlib" -L"/home/laboratorio/VirtualBox VMs/Compartida AltiumLpc_XP/Interfaz CAN/Firmware/Ubuntu/Version Ultima/DemoAoaCan/Lib_FatFs_SD/Debug" -L"/home/laboratorio/VirtualBox VMs/Compartida AltiumLpc_XP/Interfaz CAN/Firmware/Ubuntu/Version Ultima/DemoAoaCan/Lib_MCU/Debug" -L"/home/laboratorio/VirtualBox VMs/Compartida AltiumLpc_XP/Interfaz CAN/Firmware/Ubuntu/Version Ultima/DemoAoaCan/Lib_AOA/Debug" -Xlinker --gc-sections -Xlinker -Map=demo_aoa_can.map -mcpu=cortex-m3 -mthumb -T "demo_aoa_can_Debug.ld" -o "demo_aoa_can.axf"  ./src/AndroidAccessoryHost.o ./src/GPIO.o ./src/cr_startup_lpc17.o ./src/main.o   -lLib_CMSISv2p00_LPC17xx -lLib_FatFs_SD -lLib_AOA -lnxpUSBlib -lLib_Board -lLib_MCU
Finished building target: demo_aoa_can.axf
 
make --no-print-directory post-build
Performing post-build steps
arm-none-eabi-size demo_aoa_can.axf; # arm-none-eabi-objdump -h -S demo_aoa_can.axf >demo_aoa_can.lss
   text	   data	    bss	    dec	    hex	filename
  20256	   3352	   1344	  24952	   6178	demo_aoa_can.axf
 

15:08:24 Build Finished (took 125ms)

